TAP version 13
# ◇ injected env (0) from .env // tip: ◈ secrets for agents [www.dotenvx.com]
# ◇ injected env (0) from .env // tip: ⌘ override existing { override: true }
# Connected to PostgreSQL database
# Subtest: product list only contains the seller’s own products
ok 1 - product list only contains the seller’s own products
  ---
  duration_ms: 420.906445
  type: 'test'
  ...
# Subtest: sales history only contains the seller’s own sales
ok 2 - sales history only contains the seller’s own sales
  ---
  duration_ms: 17.404528
  type: 'test'
  ...
# Connected to PostgreSQL database
# Connected to PostgreSQL database
# Connected to PostgreSQL database
# Connected to PostgreSQL database
# Connected to PostgreSQL database
# Subtest: dashboard stats and data quality are per seller
ok 3 - dashboard stats and data quality are per seller
  ---
  duration_ms: 25.413405
  type: 'test'
  ...
# Subtest: inventory alerts are per seller
ok 4 - inventory alerts are per seller
  ---
  duration_ms: 5.641769
  type: 'test'
  ...
# Subtest: ownerless products are invisible to every seller
ok 5 - ownerless products are invisible to every seller
  ---
  duration_ms: 13.73427
  type: 'test'
  ...
# ◇ injected env (0) from .env // tip: ⌘ override existing { override: true }
# ◇ injected env (0) from .env // tip: ⌘ suppress logs { quiet: true }
# Connected to PostgreSQL database
# Subtest: register creates an account and returns a token
ok 6 - register creates an account and returns a token
  ---
  duration_ms: 189.425915
  type: 'test'
  ...
# Subtest: register rejects a duplicate email and missing fields
ok 7 - register rejects a duplicate email and missing fields
  ---
  duration_ms: 115.104479
  type: 'test'
  ...
# Subtest: login succeeds with the right password and fails otherwise
ok 8 - login succeeds with the right password and fails otherwise
  ---
  duration_ms: 308.218314
  type: 'test'
  ...
# Subtest: protected routes reject missing, invalid and expired tokens
ok 9 - protected routes reject missing, invalid and expired tokens
  ---
  duration_ms: 37.120116
  type: 'test'
  ...
# ◇ injected env (0) from .env // tip: ⌘ override existing { override: true }
# ◇ injected env (0) from .env // tip: ◈ encrypted .env [www.dotenvx.com]
# Connected to PostgreSQL database
# Subtest: missing, non-numeric and fractional quantities are rejected; nothing is imputed
ok 10 - missing, non-numeric and fractional quantities are rejected; nothing is imputed
  ---
  duration_ms: 388.342233
  type: 'test'
  ...
# Subtest: unusually large orders are kept and flagged, never removed
ok 11 - unusually large orders are kept and flagged, never removed
  ---
  duration_ms: 255.403367
  type: 'test'
  ...
# Subtest: ambiguous dates are rejected with the accepted formats
ok 12 - ambiguous dates are rejected with the accepted formats
  ---
  duration_ms: 272.510357
  type: 'test'
  ...
# Subtest: new sources default to Asia/Karachi; a source timezone can be changed for future imports
ok 13 - new sources default to Asia/Karachi; a source timezone can be changed for future imports
  ---
  duration_ms: 278.432752
  type: 'test'
  ...
# Subtest: a confirmed export with no sales is accepted only with coverage for all products
ok 14 - a confirmed export with no sales is accepted only with coverage for all products
  ---
  duration_ms: 274.632813
  type: 'test'
  ...
# Subtest: coverage rows must lie in the period and may not overlap earlier data of the same source
ok 15 - coverage rows must lie in the period and may not overlap earlier data of the same source
  ---
  duration_ms: 280.067045
  type: 'test'
  ...
# Subtest: a file with rejected rows cannot be confirmed as complete
ok 16 - a file with rejected rows cannot be confirmed as complete
  ---
  duration_ms: 254.754411
  type: 'test'
  ...
# Subtest: new rows inside a confirmed period need an explicit append
ok 17 - new rows inside a confirmed period need an explicit append
  ---
  duration_ms: 280.525682
  type: 'test'
  ...
# Subtest: rolling back an import revokes its coverage
ok 18 - rolling back an import revokes its coverage
  ---
  duration_ms: 253.363498
  type: 'test'
  ...
# Subtest: store connect: confirmed coverage, including an empty delivery
ok 19 - store connect: confirmed coverage, including an empty delivery
  ---
  duration_ms: 237.838293
  type: 'test'
  ...
# Subtest: history: only confirmed days count; records outside confirmation stay visible but unconfirmed
ok 20 - history: only confirmed days count; records outside confirmation stay visible but unconfirmed
  ---
  duration_ms: 252.604911
  type: 'test'
  ...
# Subtest: history: 180 days with records but no confirmation give 0 usable days (reported case)
ok 21 - history: 180 days with records but no confirmation give 0 usable days (reported case)
  ---
  duration_ms: 338.152171
  type: 'test'
  ...
# Subtest: history: records after the last confirmed day do not extend it
ok 22 - history: records after the last confirmed day do not extend it
  ---
  duration_ms: 264.283754
  type: 'test'
  ...
# Subtest: history: a revoked period no longer counts
ok 23 - history: a revoked period no longer counts
  ---
  duration_ms: 255.498052
  type: 'test'
  ...
# Subtest: an upload already stored can be confirmed afterwards, under the same rules
ok 24 - an upload already stored can be confirmed afterwards, under the same rules
  ---
  duration_ms: 299.397202
  type: 'test'
  ...
# Subtest: v2 endpoint is off unless switched on, and only serves the owner
ok 25 - v2 endpoint is off unless switched on, and only serves the owner
  ---
  duration_ms: 246.632135
  type: 'test'
  ...
# Subtest: v2 endpoint sends only confirmed history and explains what is excluded
ok 26 - v2 endpoint sends only confirmed history and explains what is excluded
  ---
  duration_ms: 295.602596
  type: 'test'
  ...
# Subtest: v2 endpoint: insufficient history returns no forecast; the ML server being down is a clear 503
ok 27 - v2 endpoint: insufficient history returns no forecast; the ML server being down is a clear 503
  ---
  duration_ms: 255.620006
  type: 'test'
  ...
# ◇ injected env (0) from .env // tip: ⌘ suppress logs { quiet: true }
# ◇ injected env (0) from .env // tip: ⌁ auth for agents [www.vestauth.com]
# Connected to PostgreSQL database
# Subtest: owner gets a forecast; the request reaches the ML server with their seller id
ok 28 - owner gets a forecast; the request reaches the ML server with their seller id
  ---
  duration_ms: 468.136471
  type: 'test'
  ...
# Subtest: another seller gets 404 for someone else's product and the ML server is never called
ok 29 - another seller gets 404 for someone else's product and the ML server is never called
  ---
  duration_ms: 7.165572
  type: 'test'
  ...
# Subtest: unknown and malformed product ids are rejected
ok 30 - unknown and malformed product ids are rejected
  ---
  duration_ms: 6.702312
  type: 'test'
  ...
# Subtest: insufficient history from the ML server is passed through as 422
ok 31 - insufficient history from the ML server is passed through as 422
  ---
  duration_ms: 7.209412
  type: 'test'
  ...
# Subtest: forecast-vs-actual only uses the seller’s own forecast rows
ok 32 - forecast-vs-actual only uses the seller’s own forecast rows
  ---
  duration_ms: 14.356633
  type: 'test'
  ...
# Subtest: model metrics are per seller
ok 33 - model metrics are per seller
  ---
  duration_ms: 7.320782
  type: 'test'
  ...
# Subtest: fine-tune status is requested for the logged-in seller only
ok 34 - fine-tune status is requested for the logged-in seller only
  ---
  duration_ms: 5.959861
  type: 'test'
  ...
# ◇ injected env (0) from .env // tip: ⌘ suppress logs { quiet: true }
# ◇ injected env (0) from .env // tip: ⌘ custom filepath { path: '/custom/path/.env' }
# Connected to PostgreSQL database
# Subtest: identical rows in a file are kept, with their original row numbers
ok 35 - identical rows in a file are kept, with their original row numbers
  ---
  duration_ms: 434.309355
  type: 'test'
  ...
# Subtest: operation ids: same id replays, reused id with other content conflicts, new id is a new operation
ok 36 - operation ids: same id replays, reused id with other content conflicts, new id is a new operation
  ---
  duration_ms: 303.624251
  type: 'test'
  ...
# Subtest: a rolled-back file keeps its identity: a retry never restores it, a new operation can
ok 37 - a rolled-back file keeps its identity: a retry never restores it, a new operation can
  ---
  duration_ms: 289.500826
  type: 'test'
  ...
# Subtest: files with a line_id column use line identity across uploads
ok 38 - files with a line_id column use line identity across uploads
  ---
  duration_ms: 258.918669
  type: 'test'
  ...
# Subtest: xlsx date cells (Excel serial numbers) become the right calendar day
ok 39 - xlsx date cells (Excel serial numbers) become the right calendar day
  ---
  duration_ms: 272.598925
  type: 'test'
  ...
# Subtest: ambiguous or invalid date formats are rejected, not guessed
ok 40 - ambiguous or invalid date formats are rejected, not guessed
  ---
  duration_ms: 247.855822
  type: 'test'
  ...
# Subtest: line ids: re-delivered lines are skipped, new lines imported
ok 41 - line ids: re-delivered lines are skipped, new lines imported
  ---
  duration_ms: 261.698357
  type: 'test'
  ...
# Subtest: a line id that arrives with changed contents is an explicit conflict and nothing is written
ok 42 - a line id that arrives with changed contents is an explicit conflict and nothing is written
  ---
  duration_ms: 253.282207
  type: 'test'
  ...
# Subtest: line ids are scoped to a connection; other connections and sellers are independent
ok 43 - line ids are scoped to a connection; other connections and sellers are independent
  ---
  duration_ms: 247.482279
  type: 'test'
  ...
# Subtest: overlap is only checked within the same source
ok 44 - overlap is only checked within the same source
  ---
  duration_ms: 244.537652
  type: 'test'
  ...
# Subtest: sale dates are business days in the connection timezone
ok 45 - sale dates are business days in the connection timezone
  ---
  duration_ms: 237.711162
  type: 'test'
  ...
# Subtest: a rolled-back store import keeps its identity
ok 46 - a rolled-back store import keeps its identity
  ---
  duration_ms: 254.531365
  type: 'test'
  ...
# Connected to PostgreSQL database
# Connected to PostgreSQL database
# Connected to PostgreSQL database
# Connected to PostgreSQL database
# Connected to PostgreSQL database
# Subtest: concurrent file uploads, store imports and a rollback keep versions unique and data consistent
ok 47 - concurrent file uploads, store imports and a rollback keep versions unique and data consistent
  ---
  duration_ms: 342.521697
  type: 'test'
  ...
# Subtest: freshness is recomputed after imports and rollbacks
ok 48 - freshness is recomputed after imports and rollbacks
  ---
  duration_ms: 280.871159
  type: 'test'
  ...
# ◇ injected env (0) from .env // tip: ◈ secrets for agents [www.dotenvx.com]
# ◇ injected env (0) from .env // tip: ⌘ multiple files { path: ['.env.local', '.env'] }
# Connected to PostgreSQL database
# Subtest: the pool really has one connection
ok 49 - the pool really has one connection
  ---
  duration_ms: 232.773963
  type: 'test'
  ...
# Subtest: an identical store-connect retry is replayed on a one-connection pool
ok 50 - an identical store-connect retry is replayed on a one-connection pool
  ---
  duration_ms: 206.380794
  type: 'test'
  ...
# Subtest: concurrent retries while the pool is saturated all succeed
ok 51 - concurrent retries while the pool is saturated all succeed
  ---
  duration_ms: 167.502424
  type: 'test'
  ...
# Subtest: upload, rollback and forecasting work on a one-connection pool
ok 52 - upload, rollback and forecasting work on a one-connection pool
  ---
  duration_ms: 207.420754
  type: 'test'
  ...
# ◇ injected env (0) from .env // tip: ⌘ multiple files { path: ['.env.local', '.env'] }
# ◇ injected env (0) from .env // tip: ⌁ auth for agents [www.vestauth.com]
# Connected to PostgreSQL database
# Connected to PostgreSQL database
# Subtest: new rows that contradict provenance are refused by the database
ok 53 - new rows that contradict provenance are refused by the database
  ---
  duration_ms: 368.098439
  type: 'test'
  ...
# Connected to PostgreSQL database
# Subtest: the owner’s sales history excludes rows imported by another seller
ok 54 - the owner’s sales history excludes rows imported by another seller
  ---
  duration_ms: 12.34038
  type: 'test'
  ...
# Connected to PostgreSQL database
# Connected to PostgreSQL database
# Connected to PostgreSQL database
# Connected to PostgreSQL database
# Connected to PostgreSQL database
# Subtest: dashboard totals exclude the conflicting row
ok 55 - dashboard totals exclude the conflicting row
  ---
  duration_ms: 17.87787
  type: 'test'
  ...
# Subtest: forecast-vs-actual does not use the conflicting row as an actual
ok 56 - forecast-vs-actual does not use the conflicting row as an actual
  ---
  duration_ms: 9.641396
  type: 'test'
  ...
# Subtest: freshness totals exclude the conflicting row
ok 57 - freshness totals exclude the conflicting row
  ---
  duration_ms: 25.768986
  type: 'test'
  ...
# Subtest: the shared attributed_sales view (also used by the ML server) excludes it
ok 58 - the shared attributed_sales view (also used by the ML server) excludes it
  ---
  duration_ms: 2.012085
  type: 'test'
  ...
# Subtest: the importing seller does not gain access either
ok 59 - the importing seller does not gain access either
  ---
  duration_ms: 6.808921
  type: 'test'
  ...
# ◇ injected env (0) from .env // tip: ◈ encrypted .env [www.dotenvx.com]
# ◇ injected env (0) from .env // tip: ⌘ multiple files { path: ['.env.local', '.env'] }
# Connected to PostgreSQL database
# Subtest: only the most recent upload can be rolled back, and only once
ok 60 - only the most recent upload can be rolled back, and only once
  ---
  duration_ms: 365.400913
  type: 'test'
  ...
# Subtest: rollback works for uploads that also created inventory rows
ok 61 - rollback works for uploads that also created inventory rows
  ---
  duration_ms: 178.196972
  type: 'test'
  ...
# Subtest: a seller cannot roll back another seller's upload
ok 62 - a seller cannot roll back another seller's upload
  ---
  duration_ms: 246.952345
  type: 'test'
  ...
# ◇ injected env (0) from .env // tip: ◈ encrypted .env [www.dotenvx.com]
# ◇ injected env (0) from .env // tip: ◈ encrypted .env [www.dotenvx.com]
# Connected to PostgreSQL database
# Subtest: connecting a store imports sales and does not start fine-tuning
ok 63 - connecting a store imports sales and does not start fine-tuning
  ---
  duration_ms: 288.803698
  type: 'test'
  ...
# Subtest: each import gets one import record, a version and provenance on every row
ok 64 - each import gets one import record, a version and provenance on every row
  ---
  duration_ms: 159.827377
  type: 'test'
  ...
# Subtest: retrying the same payload without revenue does not duplicate sales
ok 65 - retrying the same payload without revenue does not duplicate sales
  ---
  duration_ms: 149.769928
  type: 'test'
  ...
# Subtest: an explicit import_id is idempotent, and reusing it for different data is refused
ok 66 - an explicit import_id is idempotent, and reusing it for different data is refused
  ---
  duration_ms: 163.403673
  type: 'test'
  ...
# Subtest: a new import_id with rows already imported is refused unless the import says append
ok 67 - a new import_id with rows already imported is refused unless the import says append
  ---
  duration_ms: 172.648703
  type: 'test'
  ...
# Connected to PostgreSQL database
# Connected to PostgreSQL database
# Subtest: concurrent identical retries create exactly one import
ok 68 - concurrent identical retries create exactly one import
  ---
  duration_ms: 163.532468
  type: 'test'
  ...
# Subtest: product names that collide with JavaScript object properties import normally
ok 69 - product names that collide with JavaScript object properties import normally
  ---
  duration_ms: 148.375193
  type: 'test'
  ...
# Subtest: invalid sale rows are counted as rejected, not imported
ok 70 - invalid sale rows are counted as rejected, not imported
  ---
  duration_ms: 135.286591
  type: 'test'
  ...
# Subtest: store connect requires login, a non-empty sales list and a sane import_id
ok 71 - store connect requires login, a non-empty sales list and a sane import_id
  ---
  duration_ms: 128.16455
  type: 'test'
  ...
# Subtest: two genuine identical orders in one import are both kept (with and without revenue)
ok 72 - two genuine identical orders in one import are both kept (with and without revenue)
  ---
  duration_ms: 141.737933
  type: 'test'
  ...
# ◇ injected env (0) from .env // tip: ⌁ auth for agents [www.vestauth.com]
# ◇ injected env (0) from .env // tip: ◈ secrets for agents [www.dotenvx.com]
# Connected to PostgreSQL database
# Subtest: starting training is refused and never reaches the ML server
ok 73 - starting training is refused and never reaches the ML server
  ---
  duration_ms: 202.684024
  type: 'test'
  ...
# Subtest: training status still works and says training is disabled
ok 74 - training status still works and says training is disabled
  ---
  duration_ms: 18.536811
  type: 'test'
  ...
# Subtest: training can only be re-enabled explicitly through configuration
ok 75 - training can only be re-enabled explicitly through configuration
  ---
  duration_ms: 13.007515
  type: 'test'
  ...
# Subtest: training endpoints still require login
ok 76 - training endpoints still require login
  ---
  duration_ms: 7.253199
  type: 'test'
  ...
# Subtest: legacy database (built by the old initDb) with existing data
ok 77 - legacy database (built by the old initDb) with existing data
  ---
  duration_ms: 74.344547
  type: 'test'
  ...
# Subtest: migrating records the existing baseline and applies 002 without losing rows
ok 78 - migrating records the existing baseline and applies 002 without losing rows
  ---
  duration_ms: 29.564929
  type: 'test'
  ...
# Subtest: after 002: identical genuine rows are allowed, provenance violations are not
ok 79 - after 002: identical genuine rows are allowed, provenance violations are not
  ---
  duration_ms: 11.115927
  type: 'test'
  ...
# Subtest: 003 applies on top of 002 without changing rows, and restarting cannot undo either
ok 80 - 003 applies on top of 002 without changing rows, and restarting cannot undo either
  ---
  duration_ms: 28.30563
  type: 'test'
  ...
# Subtest: 003 enforces one seller across coverage, source, import and listed products
ok 81 - 003 enforces one seller across coverage, source, import and listed products
  ---
  duration_ms: 20.522742
  type: 'test'
  ...
# Subtest: 003 reverses cleanly (sales kept), and reversal stays latest-first
ok 82 - 003 reverses cleanly (sales kept), and reversal stays latest-first
  ---
  duration_ms: 15.031154
  type: 'test'
  ...
# Subtest: reversal of 002 refuses while genuine identical rows exist, and changes nothing
ok 83 - reversal of 002 refuses while genuine identical rows exist, and changes nothing
  ---
  duration_ms: 4.345204
  type: 'test'
  ...
# Subtest: reversal of 002 works once the data allows it, and 002 + 003 can be re-applied
ok 84 - reversal of 002 works once the data allows it, and 002 + 003 can be re-applied
  ---
  duration_ms: 38.970762
  type: 'test'
  ...
# Subtest: an edited, already-applied migration is detected and blocks both migrate and startup
ok 85 - an edited, already-applied migration is detected and blocks both migrate and startup
  ---
  duration_ms: 6.8226
  type: 'test'
  ...
# ◇ injected env (0) from .env // tip: ⌘ custom filepath { path: '/custom/path/.env' }
# ◇ injected env (0) from .env // tip: ⌘ multiple files { path: ['.env.local', '.env'] }
# Connected to PostgreSQL database
# Subtest: CSV upload stores sales, creates version 1 and reports quality
ok 86 - CSV upload stores sales, creates version 1 and reports quality
  ---
  duration_ms: 363.488357
  type: 'test'
  ...
# Subtest: re-sending the same file without an operation id replays the original import
ok 87 - re-sending the same file without an operation id replays the original import
  ---
  duration_ms: 205.851226
  type: 'test'
  ...
# Subtest: invalid rows are rejected and recorded as anomalies the seller can resolve
ok 88 - invalid rows are rejected and recorded as anomalies the seller can resolve
  ---
  duration_ms: 262.181457
  type: 'test'
  ...
# Error: Only CSV, JSON, and Excel (.xlsx) files are supported
#     at fileFilter (/home/claude/nc/backend/routes/data.js:38:10)
#     at wrappedFileFilter (/home/claude/nc/backend/node_modules/multer/index.js:45:7)
#     at Multipart.<anonymous> (/home/claude/nc/backend/node_modules/multer/lib/make-middleware.js:183:7)
#     at Multipart.emit (node:events:519:28)
#     at HeaderParser.cb (/home/claude/nc/backend/node_modules/busboy/lib/types/multipart.js:358:14)
#     at HeaderParser.push (/home/claude/nc/backend/node_modules/busboy/lib/types/multipart.js:162:20)
#     at SBMH.ssCb [as _cb] (/home/claude/nc/backend/node_modules/busboy/lib/types/multipart.js:394:37)
#     at feed (/home/claude/nc/backend/node_modules/streamsearch/lib/sbmh.js:219:14)
#     at SBMH.push (/home/claude/nc/backend/node_modules/streamsearch/lib/sbmh.js:104:16)
#     at Multipart._write (/home/claude/nc/backend/node_modules/busboy/lib/types/multipart.js:567:19)
# Subtest: unsupported file types are refused and store nothing
ok 89 - unsupported file types are refused and store nothing
  ---
  duration_ms: 144.299081
  type: 'test'
  ...
# Subtest: two sellers uploading the same product name get separate products
ok 90 - two sellers uploading the same product name get separate products
  ---
  duration_ms: 296.271023
  type: 'test'
  ...
# Subtest: product names that collide with JavaScript object properties upload normally
ok 91 - product names that collide with JavaScript object properties upload normally
  ---
  duration_ms: 162.622803
  type: 'test'
  ...
# Subtest: re-uploading the same file without a revenue column does not duplicate sales
ok 92 - re-uploading the same file without a revenue column does not duplicate sales
  ---
  duration_ms: 156.61635
  type: 'test'
  ...
1..92
# tests 92
# suites 0
# pass 92
# fail 0
# cancelled 0
# skipped 0
# todo 0
# duration_ms 21277.003067
